******************************************************************************
                  MSP430 Linker PC v16.9.6                     
******************************************************************************
>> Linked Thu May 10 15:32:25 2018

OUTPUT FILE NAME:   <WPS.out>
ENTRY POINT SYMBOL: "_c_int00_noargs_noexit"  address: 0000fd96


MEMORY CONFIGURATION

         name            origin    length      used     unused   attr    fill
----------------------  --------  ---------  --------  --------  ----  --------
  SFR                   00000000   00000010  00000000  00000010  RWIX
  PERIPHERALS_8BIT      00000010   000000f0  00000000  000000f0  RWIX
  PERIPHERALS_16BIT     00000100   00000100  00000000  00000100  RWIX
  RAM                   00000200   00000200  000000ec  00000114  RWIX
  INFOD                 00001000   00000040  00000000  00000040  RWIX
  INFOC                 00001040   00000040  00000000  00000040  RWIX
  INFOB                 00001080   00000040  00000000  00000040  RWIX
  INFOA                 000010c0   00000040  00000000  00000040  RWIX
  FLASH                 0000c000   00003fde  00003fa0  0000003e  RWIX
  BSLSIGNATURE          0000ffde   00000002  00000002  00000000  RWIX  ffff 
  INT00                 0000ffe0   00000002  00000002  00000000  RWIX
  INT01                 0000ffe2   00000002  00000000  00000002  RWIX
  INT02                 0000ffe4   00000002  00000002  00000000  RWIX
  INT03                 0000ffe6   00000002  00000002  00000000  RWIX
  INT04                 0000ffe8   00000002  00000000  00000002  RWIX
  INT05                 0000ffea   00000002  00000002  00000000  RWIX
  INT06                 0000ffec   00000002  00000002  00000000  RWIX
  INT07                 0000ffee   00000002  00000002  00000000  RWIX
  INT08                 0000fff0   00000002  00000002  00000000  RWIX
  INT09                 0000fff2   00000002  00000002  00000000  RWIX
  INT10                 0000fff4   00000002  00000002  00000000  RWIX
  INT11                 0000fff6   00000002  00000002  00000000  RWIX
  INT12                 0000fff8   00000002  00000002  00000000  RWIX
  INT13                 0000fffa   00000002  00000002  00000000  RWIX
  INT14                 0000fffc   00000002  00000002  00000000  RWIX
  RESET                 0000fffe   00000002  00000002  00000000  RWIX


SECTION ALLOCATION MAP

 output                                  attributes/
section   page    origin      length       input sections
--------  ----  ----------  ----------   ----------------
.bss       0    00000200    00000096     UNINITIALIZED
                  00000200    00000096     (.common:str_received)

.data      0    00000296    00000006     UNINITIALIZED
                  00000296    00000004     main.obj (.data)
                  0000029a    00000002     rts430_eabi.lib : errno.obj (.data)

.stack     0    000003b0    00000050     UNINITIALIZED
                  000003b0    00000002     rts430_eabi.lib : boot.obj (.stack)
                  000003b2    0000004e     --HOLE--

.text      0    0000c000    00003ea6     
                  0000c000    00001168     rts430_eabi.lib : e_pow.obj (.text:pow)
                  0000d168    0000051a                     : e_log10.obj (.text:log10)
                  0000d682    00000480                     : frcdivd.obj (.text:__TI_frcdivd)
                  0000db02    000002f8                     : e_sqrt.obj (.text:sqrt)
                  0000ddfa    000002e8                     : addd.obj (.text:__mspabi_addd)
                  0000e0e2    000002ca     main.obj (.text:main)
                  0000e3ac    0000028e     main.obj (.text:getPosition)
                  0000e63a    00000286     rts430_eabi.lib : frcmpyd.obj (.text:__TI_frcmpyd)
                  0000e8c0    0000026e                     : mpyd.obj (.text:__mspabi_mpyd)
                  0000eb2e    00000260                     : frcaddd.obj (.text:__TI_frcaddd)
                  0000ed8e    00000238                     : divd.obj (.text:__mspabi_divd)
                  0000efc6    000001a4                     : s_scalbn.obj (.text:scalbn)
                  0000f16a    00000132                     : fs_add.obj (.text)
                  0000f29c    000000fe     main.obj (.text:UART_send_float)
                  0000f39a    000000dc     rts430_eabi.lib : cmpd.obj (.text:__mspabi_cmpd)
                  0000f476    000000be                     : renormd.obj (.text:__TI_renormd)
                  0000f534    000000ac                     : fltlid.obj (.text:__mspabi_fltlid)
                  0000f5e0    0000009c     main.obj (.text:getDistance)
                  0000f67c    0000008c     rts430_eabi.lib : cvtdf.obj (.text:__mspabi_cvtdf)
                  0000f708    00000080     main.obj (.text:UART_send_int)
                  0000f788    0000007c     rts430_eabi.lib : copy_decompress_lzss.obj (.text:decompress:lzss:__TI_decompress_lzss)
                  0000f804    00000074                     : fixdul.obj (.text:__mspabi_fixdul)
                  0000f878    00000072                     : cvtfd.obj (.text:__mspabi_cvtfd)
                  0000f8ea    0000006e                     : autoinit.obj (.text:_auto_init)
                  0000f958    0000005c                     : lsr32.obj (.text:l_lsr_const)
                  0000f9b4    0000005a                     : cpy_tbl.obj (.text:copy_in)
                  0000fa0e    00000058                     : div32u.obj (.text)
                  0000fa66    00000050     main.obj (.text:get_RSSI)
                  0000fab6    0000004c     rts430_eabi.lib : lsr16.obj (.text)
                  0000fb02    0000004a     main.obj (.text:USCI0RX_ISR)
                  0000fb4c    0000003e     rts430_eabi.lib : asr32.obj (.text:l_asr_const)
                  0000fb8a    0000003e                     : lsl32.obj (.text:l_lsl_const)
                  0000fbc8    00000032                     : fs_ultof.obj (.text)
                  0000fbfa    0000002e                     : subd.obj (.text:__mspabi_subd)
                  0000fc28    0000002e                     : s_copysign.obj (.text:copysign)
                  0000fc56    0000002c     main.obj (.text:UART_INIT)
                  0000fc82    0000002c     rts430_eabi.lib : asr16.obj (.text)
                  0000fcae    0000002c                     : lsl16.obj (.text)
                  0000fcda    0000002a                     : negd.obj (.text:__mspabi_negd)
                  0000fd04    00000028     main.obj (.text:ConnectAP)
                  0000fd2c    00000028     main.obj (.text:StartTCPServer)
                  0000fd54    00000026     rts430_eabi.lib : mult32.obj (.text)
                  0000fd7a    0000001c     main.obj (.text:CLOCK_setup)
                  0000fd96    0000001a     rts430_eabi.lib : boot_special.obj (.text:_c_int00_noargs_noexit)
                  0000fdb0    0000001a     main.obj (.text:send_cmd)
                  0000fdca    00000016     main.obj (.text:UART_send_string)
                  0000fde0    00000014     rts430_eabi.lib : copy_zero_init.obj (.text:decompress:ZI:__TI_zero_init)
                  0000fdf4    00000014                     : mult16.obj (.text)
                  0000fe08    00000012                     : copy_decompress_none.obj (.text:decompress:none:__TI_decompress_none)
                  0000fe1a    00000012                     : lsr32.obj (.text:l_lsr)
                  0000fe2c    00000012                     : memcpy.obj (.text:memcpy)
                  0000fe3e    00000010                     : asr32.obj (.text:l_asr)
                  0000fe4e    00000010                     : lsl32.obj (.text:l_lsl)
                  0000fe5e    00000010                     : epilog.obj (.text)
                  0000fe6e    0000000c     main.obj (.text:UART_read_char)
                  0000fe7a    0000000c     main.obj (.text:UART_send_char)
                  0000fe86    0000000c     rts430_eabi.lib : fltid.obj (.text:__mspabi_fltid)
                  0000fe92    00000008                     : isr_trap.obj (.text:_isr:__TI_ISR_TRAP)
                  0000fe9a    00000006                     : exit.obj (.text:abort)
                  0000fea0    00000004                     : pre_init.obj (.text:_system_pre_init)
                  0000fea4    00000002                     : startup.obj (.text:_system_post_cinit)

.binit     0    0000c000    00000000     

.const     0    0000fea6    000000e0     
                  0000fea6    000000b0     main.obj (.const:.string)
                  0000ff56    00000010     rts430_eabi.lib : e_pow.obj (.const:bp)
                  0000ff66    00000010                     : e_pow.obj (.const:dp_h)
                  0000ff76    00000010                     : e_pow.obj (.const:dp_l)

.cinit     0    0000ff86    0000001a     
                  0000ff86    00000007     (.cinit..data.load) [load image, compression = lzss]
                  0000ff8d    00000001     --HOLE-- [fill = 0]
                  0000ff8e    00000006     (__TI_handler_table)
                  0000ff94    00000004     (.cinit..bss.load) [load image, compression = zero_init]
                  0000ff98    00000008     (__TI_cinit_table)

.init_array 
*          0    0000c000    00000000     UNINITIALIZED

TRAPINT    0    0000ffe0    00000002     
                  0000ffe0    00000002     rts430_eabi.lib : int00.obj (.int00)

PORT1      0    0000ffe4    00000002     
                  0000ffe4    00000002     rts430_eabi.lib : int02.obj (.int02)

PORT2      0    0000ffe6    00000002     
                  0000ffe6    00000002     rts430_eabi.lib : int03.obj (.int03)

$fill000   0    0000ffde    00000002     
                  0000ffde    00000002     --HOLE-- [fill = ffff]

ADC10      0    0000ffea    00000002     
                  0000ffea    00000002     rts430_eabi.lib : int05.obj (.int05)

USCIAB0TX 
*          0    0000ffec    00000002     
                  0000ffec    00000002     rts430_eabi.lib : int06.obj (.int06)

USCIAB0RX 
*          0    0000ffee    00000002     
                  0000ffee    00000002     main.obj (.int07)

TIMER0_A1 
*          0    0000fff0    00000002     
                  0000fff0    00000002     rts430_eabi.lib : int08.obj (.int08)

TIMER0_A0 
*          0    0000fff2    00000002     
                  0000fff2    00000002     rts430_eabi.lib : int09.obj (.int09)

WDT        0    0000fff4    00000002     
                  0000fff4    00000002     rts430_eabi.lib : int10.obj (.int10)

COMPARATORA 
*          0    0000fff6    00000002     
                  0000fff6    00000002     rts430_eabi.lib : int11.obj (.int11)

TIMER1_A1 
*          0    0000fff8    00000002     
                  0000fff8    00000002     rts430_eabi.lib : int12.obj (.int12)

TIMER1_A0 
*          0    0000fffa    00000002     
                  0000fffa    00000002     rts430_eabi.lib : int13.obj (.int13)

NMI        0    0000fffc    00000002     
                  0000fffc    00000002     rts430_eabi.lib : int14.obj (.int14)

.reset     0    0000fffe    00000002     
                  0000fffe    00000002     rts430_eabi.lib : boot.obj (.reset)

MODULE SUMMARY

       Module                     code    ro data   rw data
       ------                     ----    -------   -------
    .\
       main.obj                   2284    178       154    
    +--+--------------------------+-------+---------+---------+
       Total:                     2284    178       154    
                                                           
    C:\ti\ccsv7\tools\compiler\ti-cgt-msp430_16.9.6.LTS\lib\rts430_eabi.lib
       e_pow.obj                  4456    48        0      
       e_log10.obj                1306    0         0      
       frcdivd.obj                1152    0         0      
       e_sqrt.obj                 760     0         0      
       addd.obj                   744     0         0      
       frcmpyd.obj                646     0         0      
       mpyd.obj                   622     0         0      
       frcaddd.obj                608     0         0      
       divd.obj                   568     0         0      
       s_scalbn.obj               420     0         0      
       fs_add.obj                 306     0         0      
       cmpd.obj                   220     0         0      
       renormd.obj                190     0         0      
       fltlid.obj                 172     0         0      
       cvtdf.obj                  140     0         0      
       copy_decompress_lzss.obj   124     0         0      
       fixdul.obj                 116     0         0      
       cvtfd.obj                  114     0         0      
       autoinit.obj               110     0         0      
       lsr32.obj                  110     0         0      
       cpy_tbl.obj                90      0         0      
       div32u.obj                 88      0         0      
       asr32.obj                  78      0         0      
       lsl32.obj                  78      0         0      
       lsr16.obj                  76      0         0      
       fs_ultof.obj               50      0         0      
       s_copysign.obj             46      0         0      
       subd.obj                   46      0         0      
       asr16.obj                  44      0         0      
       lsl16.obj                  44      0         0      
       negd.obj                   42      0         0      
       mult32.obj                 38      0         0      
       boot_special.obj           26      0         0      
       copy_zero_init.obj         20      0         0      
       mult16.obj                 20      0         0      
       copy_decompress_none.obj   18      0         0      
       memcpy.obj                 18      0         0      
       epilog.obj                 16      0         0      
       fltid.obj                  12      0         0      
       isr_trap.obj               8       0         0      
       exit.obj                   6       0         0      
       pre_init.obj               4       0         0      
       boot.obj                   0       2         0      
       errno.obj                  0       0         2      
       int00.obj                  0       2         0      
       int02.obj                  0       2         0      
       int03.obj                  0       2         0      
       int05.obj                  0       2         0      
       int06.obj                  0       2         0      
       int08.obj                  0       2         0      
       int09.obj                  0       2         0      
       int10.obj                  0       2         0      
       int11.obj                  0       2         0      
       int12.obj                  0       2         0      
       int13.obj                  0       2         0      
       int14.obj                  0       2         0      
       startup.obj                2       0         0      
    +--+--------------------------+-------+---------+---------+
       Total:                     13754   74        2      
                                                           
       Stack:                     0       0         80     
       Linker Generated:          0       25        0      
    +--+--------------------------+-------+---------+---------+
       Grand Total:               16038   277       236    


LINKER GENERATED COPY TABLES

__TI_cinit_table @ 0000ff98 records: 2, size/record: 4, table size: 8
	.data: load addr=0000ff86, load size=00000007 bytes, run addr=00000296, run size=00000006 bytes, compression=lzss
	.bss: load addr=0000ff94, load size=00000004 bytes, run addr=00000200, run size=00000096 bytes, compression=zero_init


LINKER GENERATED HANDLER TABLE

__TI_handler_table @ 0000ff8e records: 3, size/record: 2, table size: 6
	index: 0, handler: __TI_zero_init
	index: 1, handler: __TI_decompress_lzss
	index: 2, handler: __TI_decompress_none


GLOBAL SYMBOLS: SORTED ALPHABETICALLY BY Name 

address   name                    
-------   ----                    
0000004a  ADC10AE0                
000001b0  ADC10CTL0               
000001b2  ADC10CTL1               
00000048  ADC10DTC0               
00000049  ADC10DTC1               
000001b4  ADC10MEM                
000001bc  ADC10SA                 
00000057  BCSCTL1                 
00000058  BCSCTL2                 
00000053  BCSCTL3                 
0000fe9a  C$$EXIT                 
00000059  CACTL1                  
0000005a  CACTL2                  
000010fb  CALBC1_12MHZ            
000010f9  CALBC1_16MHZ            
000010ff  CALBC1_1MHZ             
000010fd  CALBC1_8MHZ             
000010fa  CALDCO_12MHZ            
000010f8  CALDCO_16MHZ            
000010fe  CALDCO_1MHZ             
000010fc  CALDCO_8MHZ             
0000005b  CAPD                    
0000fd7a  CLOCK_setup             
0000fd04  ConnectAP               
00000056  DCOCTL                  
00000128  FCTL1                   
0000012a  FCTL2                   
0000012c  FCTL3                   
00000000  IE1                     
00000001  IE2                     
00000002  IFG1                    
00000003  IFG2                    
00000022  P1DIR                   
00000025  P1IE                    
00000024  P1IES                   
00000023  P1IFG                   
00000020  P1IN                    
00000021  P1OUT                   
00000027  P1REN                   
00000026  P1SEL                   
00000041  P1SEL2                  
0000002a  P2DIR                   
0000002d  P2IE                    
0000002c  P2IES                   
0000002b  P2IFG                   
00000028  P2IN                    
00000029  P2OUT                   
0000002f  P2REN                   
0000002e  P2SEL                   
00000042  P2SEL2                  
0000001a  P3DIR                   
00000018  P3IN                    
00000019  P3OUT                   
00000010  P3REN                   
0000001b  P3SEL                   
00000043  P3SEL2                  
0000fd2c  StartTCPServer          
00000172  TA0CCR0                 
00000174  TA0CCR1                 
00000176  TA0CCR2                 
00000162  TA0CCTL0                
00000164  TA0CCTL1                
00000166  TA0CCTL2                
00000160  TA0CTL                  
0000012e  TA0IV                   
00000170  TA0R                    
00000192  TA1CCR0                 
00000194  TA1CCR1                 
00000196  TA1CCR2                 
00000182  TA1CCTL0                
00000184  TA1CCTL1                
00000186  TA1CCTL2                
00000180  TA1CTL                  
0000011e  TA1IV                   
00000190  TA1R                    
000010db  TLV_ADC10_1_LEN         
000010da  TLV_ADC10_1_TAG         
000010c0  TLV_CHECKSUM            
000010f7  TLV_DCO_30_LEN          
000010f6  TLV_DCO_30_TAG          
0000fc56  UART_INIT               
0000fe6e  UART_read_char          
0000fe7a  UART_send_char          
0000f29c  UART_send_float         
0000f708  UART_send_int           
0000fdca  UART_send_string        
0000005d  UCA0ABCTL               
00000062  UCA0BR0                 
00000063  UCA0BR1                 
00000060  UCA0CTL0                
00000061  UCA0CTL1                
0000005f  UCA0IRRCTL              
0000005e  UCA0IRTCTL              
00000064  UCA0MCTL                
00000066  UCA0RXBUF               
00000065  UCA0STAT                
00000067  UCA0TXBUF               
0000006a  UCB0BR0                 
0000006b  UCB0BR1                 
00000068  UCB0CTL0                
00000069  UCB0CTL1                
0000006c  UCB0I2CIE               
00000118  UCB0I2COA               
0000011a  UCB0I2CSA               
0000006e  UCB0RXBUF               
0000006d  UCB0STAT                
0000006f  UCB0TXBUF               
0000fb02  USCI0RX_ISR             
00000120  WDTCTL                  
00000400  __STACK_END             
00000050  __STACK_SIZE            
UNDEFED   __TI_BINIT_Base         
UNDEFED   __TI_BINIT_Limit        
0000ff98  __TI_CINIT_Base         
0000ffa0  __TI_CINIT_Limit        
0000ff8e  __TI_Handler_Table_Base 
0000ff94  __TI_Handler_Table_Limit
UNDEFED   __TI_INITARRAY_Base     
UNDEFED   __TI_INITARRAY_Limit    
0000fe92  __TI_ISR_TRAP           
0000f788  __TI_decompress_lzss    
0000fe08  __TI_decompress_none    
0000eb2e  __TI_frcaddd            
0000d682  __TI_frcdivd            
0000e63a  __TI_frcmpyd            
0000ffe0  __TI_int00              
0000ffe4  __TI_int02              
0000ffe6  __TI_int03              
0000ffea  __TI_int05              
0000ffec  __TI_int06              
0000ffee  __TI_int07              
0000fff0  __TI_int08              
0000fff2  __TI_int09              
0000fff4  __TI_int10              
0000fff6  __TI_int11              
0000fff8  __TI_int12              
0000fffa  __TI_int13              
0000fffc  __TI_int14              
ffffffff  __TI_pprof_out_hndl     
ffffffff  __TI_prof_data_size     
ffffffff  __TI_prof_data_start    
0000f476  __TI_renormd            
0000fde0  __TI_zero_init          
ffffffff  __c_args__              
0000ddfa  __mspabi_addd           
0000f170  __mspabi_addf           
0000f39a  __mspabi_cmpd           
0000f67c  __mspabi_cvtdf          
0000f878  __mspabi_cvtfd          
0000ed8e  __mspabi_divd           
0000fa0e  __mspabi_divul          
0000f804  __mspabi_fixdul         
0000fe86  __mspabi_fltid          
0000f534  __mspabi_fltlid         
0000fbc8  __mspabi_fltulf         
0000fe6a  __mspabi_func_epilog_1  
0000fe68  __mspabi_func_epilog_2  
0000fe66  __mspabi_func_epilog_3  
0000fe64  __mspabi_func_epilog_4  
0000fe62  __mspabi_func_epilog_5  
0000fe60  __mspabi_func_epilog_6  
0000fe5e  __mspabi_func_epilog_7  
0000e8c0  __mspabi_mpyd           
0000fdf4  __mspabi_mpyi           
0000fdf4  __mspabi_mpyi_sw        
0000fd54  __mspabi_mpyl           
0000fd54  __mspabi_mpyl_sw        
0000fcda  __mspabi_negd           
0000fa0e  __mspabi_remul          
0000fcae  __mspabi_slli           
0000fcd6  __mspabi_slli_1         
0000fcc4  __mspabi_slli_10        
0000fcc2  __mspabi_slli_11        
0000fcc0  __mspabi_slli_12        
0000fcbe  __mspabi_slli_13        
0000fcbc  __mspabi_slli_14        
0000fcba  __mspabi_slli_15        
0000fcd4  __mspabi_slli_2         
0000fcd2  __mspabi_slli_3         
0000fcd0  __mspabi_slli_4         
0000fcce  __mspabi_slli_5         
0000fccc  __mspabi_slli_6         
0000fcca  __mspabi_slli_7         
0000fcc8  __mspabi_slli_8         
0000fcc6  __mspabi_slli_9         
0000fe4e  __mspabi_slll           
0000fbc2  __mspabi_slll_1         
0000fb9e  __mspabi_slll_10        
0000fb9a  __mspabi_slll_11        
0000fb96  __mspabi_slll_12        
0000fb92  __mspabi_slll_13        
0000fb8e  __mspabi_slll_14        
0000fb8a  __mspabi_slll_15        
0000fbbe  __mspabi_slll_2         
0000fbba  __mspabi_slll_3         
0000fbb6  __mspabi_slll_4         
0000fbb2  __mspabi_slll_5         
0000fbae  __mspabi_slll_6         
0000fbaa  __mspabi_slll_7         
0000fba6  __mspabi_slll_8         
0000fba2  __mspabi_slll_9         
0000fc82  __mspabi_srai           
0000fcaa  __mspabi_srai_1         
0000fc98  __mspabi_srai_10        
0000fc96  __mspabi_srai_11        
0000fc94  __mspabi_srai_12        
0000fc92  __mspabi_srai_13        
0000fc90  __mspabi_srai_14        
0000fc8e  __mspabi_srai_15        
0000fca8  __mspabi_srai_2         
0000fca6  __mspabi_srai_3         
0000fca4  __mspabi_srai_4         
0000fca2  __mspabi_srai_5         
0000fca0  __mspabi_srai_6         
0000fc9e  __mspabi_srai_7         
0000fc9c  __mspabi_srai_8         
0000fc9a  __mspabi_srai_9         
0000fe3e  __mspabi_sral           
0000fb84  __mspabi_sral_1         
0000fb60  __mspabi_sral_10        
0000fb5c  __mspabi_sral_11        
0000fb58  __mspabi_sral_12        
0000fb54  __mspabi_sral_13        
0000fb50  __mspabi_sral_14        
0000fb4c  __mspabi_sral_15        
0000fb80  __mspabi_sral_2         
0000fb7c  __mspabi_sral_3         
0000fb78  __mspabi_sral_4         
0000fb74  __mspabi_sral_5         
0000fb70  __mspabi_sral_6         
0000fb6c  __mspabi_sral_7         
0000fb68  __mspabi_sral_8         
0000fb64  __mspabi_sral_9         
0000fab6  __mspabi_srli           
0000fafc  __mspabi_srli_1         
0000fad8  __mspabi_srli_10        
0000fad4  __mspabi_srli_11        
0000fad0  __mspabi_srli_12        
0000facc  __mspabi_srli_13        
0000fac8  __mspabi_srli_14        
0000fac4  __mspabi_srli_15        
0000faf8  __mspabi_srli_2         
0000faf4  __mspabi_srli_3         
0000faf0  __mspabi_srli_4         
0000faec  __mspabi_srli_5         
0000fae8  __mspabi_srli_6         
0000fae4  __mspabi_srli_7         
0000fae0  __mspabi_srli_8         
0000fadc  __mspabi_srli_9         
0000fe1a  __mspabi_srll           
0000f9ac  __mspabi_srll_1         
0000f976  __mspabi_srll_10        
0000f970  __mspabi_srll_11        
0000f96a  __mspabi_srll_12        
0000f964  __mspabi_srll_13        
0000f95e  __mspabi_srll_14        
0000f958  __mspabi_srll_15        
0000f9a6  __mspabi_srll_2         
0000f9a0  __mspabi_srll_3         
0000f99a  __mspabi_srll_4         
0000f994  __mspabi_srll_5         
0000f98e  __mspabi_srll_6         
0000f988  __mspabi_srll_7         
0000f982  __mspabi_srll_8         
0000f97c  __mspabi_srll_9         
0000fbfa  __mspabi_subd           
0000f16a  __mspabi_subf           
0000f8ea  _auto_init              
0000fd96  _c_int00_noargs_noexit  
0000fffe  _reset_vector           
000003b0  _stack                  
0000fea4  _system_post_cinit      
0000fea0  _system_pre_init        
0000fe9a  abort                   
0000f9b4  copy_in                 
0000fc28  copysign                
0000fc28  copysignl               
0000029a  errno                   
00000296  flag                    
0000f5e0  getDistance             
0000e3ac  getPosition             
0000fa66  get_RSSI                
00000298  i                       
0000efc6  ldexp                   
0000efc6  ldexpl                  
0000d168  log10                   
0000d168  log10l                  
0000e0e2  main                    
0000fe2c  memcpy                  
0000c000  pow                     
0000c000  powl                    
0000efc6  scalbn                  
0000efc6  scalbnl                 
0000fdb0  send_cmd                
0000db02  sqrt                    
0000db02  sqrtl                   
00000200  str_received            


GLOBAL SYMBOLS: SORTED BY Symbol Address 

address   name                    
-------   ----                    
00000000  IE1                     
00000001  IE2                     
00000002  IFG1                    
00000003  IFG2                    
00000010  P3REN                   
00000018  P3IN                    
00000019  P3OUT                   
0000001a  P3DIR                   
0000001b  P3SEL                   
00000020  P1IN                    
00000021  P1OUT                   
00000022  P1DIR                   
00000023  P1IFG                   
00000024  P1IES                   
00000025  P1IE                    
00000026  P1SEL                   
00000027  P1REN                   
00000028  P2IN                    
00000029  P2OUT                   
0000002a  P2DIR                   
0000002b  P2IFG                   
0000002c  P2IES                   
0000002d  P2IE                    
0000002e  P2SEL                   
0000002f  P2REN                   
00000041  P1SEL2                  
00000042  P2SEL2                  
00000043  P3SEL2                  
00000048  ADC10DTC0               
00000049  ADC10DTC1               
0000004a  ADC10AE0                
00000050  __STACK_SIZE            
00000053  BCSCTL3                 
00000056  DCOCTL                  
00000057  BCSCTL1                 
00000058  BCSCTL2                 
00000059  CACTL1                  
0000005a  CACTL2                  
0000005b  CAPD                    
0000005d  UCA0ABCTL               
0000005e  UCA0IRTCTL              
0000005f  UCA0IRRCTL              
00000060  UCA0CTL0                
00000061  UCA0CTL1                
00000062  UCA0BR0                 
00000063  UCA0BR1                 
00000064  UCA0MCTL                
00000065  UCA0STAT                
00000066  UCA0RXBUF               
00000067  UCA0TXBUF               
00000068  UCB0CTL0                
00000069  UCB0CTL1                
0000006a  UCB0BR0                 
0000006b  UCB0BR1                 
0000006c  UCB0I2CIE               
0000006d  UCB0STAT                
0000006e  UCB0RXBUF               
0000006f  UCB0TXBUF               
00000118  UCB0I2COA               
0000011a  UCB0I2CSA               
0000011e  TA1IV                   
00000120  WDTCTL                  
00000128  FCTL1                   
0000012a  FCTL2                   
0000012c  FCTL3                   
0000012e  TA0IV                   
00000160  TA0CTL                  
00000162  TA0CCTL0                
00000164  TA0CCTL1                
00000166  TA0CCTL2                
00000170  TA0R                    
00000172  TA0CCR0                 
00000174  TA0CCR1                 
00000176  TA0CCR2                 
00000180  TA1CTL                  
00000182  TA1CCTL0                
00000184  TA1CCTL1                
00000186  TA1CCTL2                
00000190  TA1R                    
00000192  TA1CCR0                 
00000194  TA1CCR1                 
00000196  TA1CCR2                 
000001b0  ADC10CTL0               
000001b2  ADC10CTL1               
000001b4  ADC10MEM                
000001bc  ADC10SA                 
00000200  str_received            
00000296  flag                    
00000298  i                       
0000029a  errno                   
000003b0  _stack                  
00000400  __STACK_END             
000010c0  TLV_CHECKSUM            
000010da  TLV_ADC10_1_TAG         
000010db  TLV_ADC10_1_LEN         
000010f6  TLV_DCO_30_TAG          
000010f7  TLV_DCO_30_LEN          
000010f8  CALDCO_16MHZ            
000010f9  CALBC1_16MHZ            
000010fa  CALDCO_12MHZ            
000010fb  CALBC1_12MHZ            
000010fc  CALDCO_8MHZ             
000010fd  CALBC1_8MHZ             
000010fe  CALDCO_1MHZ             
000010ff  CALBC1_1MHZ             
0000c000  pow                     
0000c000  powl                    
0000d168  log10                   
0000d168  log10l                  
0000d682  __TI_frcdivd            
0000db02  sqrt                    
0000db02  sqrtl                   
0000ddfa  __mspabi_addd           
0000e0e2  main                    
0000e3ac  getPosition             
0000e63a  __TI_frcmpyd            
0000e8c0  __mspabi_mpyd           
0000eb2e  __TI_frcaddd            
0000ed8e  __mspabi_divd           
0000efc6  ldexp                   
0000efc6  ldexpl                  
0000efc6  scalbn                  
0000efc6  scalbnl                 
0000f16a  __mspabi_subf           
0000f170  __mspabi_addf           
0000f29c  UART_send_float         
0000f39a  __mspabi_cmpd           
0000f476  __TI_renormd            
0000f534  __mspabi_fltlid         
0000f5e0  getDistance             
0000f67c  __mspabi_cvtdf          
0000f708  UART_send_int           
0000f788  __TI_decompress_lzss    
0000f804  __mspabi_fixdul         
0000f878  __mspabi_cvtfd          
0000f8ea  _auto_init              
0000f958  __mspabi_srll_15        
0000f95e  __mspabi_srll_14        
0000f964  __mspabi_srll_13        
0000f96a  __mspabi_srll_12        
0000f970  __mspabi_srll_11        
0000f976  __mspabi_srll_10        
0000f97c  __mspabi_srll_9         
0000f982  __mspabi_srll_8         
0000f988  __mspabi_srll_7         
0000f98e  __mspabi_srll_6         
0000f994  __mspabi_srll_5         
0000f99a  __mspabi_srll_4         
0000f9a0  __mspabi_srll_3         
0000f9a6  __mspabi_srll_2         
0000f9ac  __mspabi_srll_1         
0000f9b4  copy_in                 
0000fa0e  __mspabi_divul          
0000fa0e  __mspabi_remul          
0000fa66  get_RSSI                
0000fab6  __mspabi_srli           
0000fac4  __mspabi_srli_15        
0000fac8  __mspabi_srli_14        
0000facc  __mspabi_srli_13        
0000fad0  __mspabi_srli_12        
0000fad4  __mspabi_srli_11        
0000fad8  __mspabi_srli_10        
0000fadc  __mspabi_srli_9         
0000fae0  __mspabi_srli_8         
0000fae4  __mspabi_srli_7         
0000fae8  __mspabi_srli_6         
0000faec  __mspabi_srli_5         
0000faf0  __mspabi_srli_4         
0000faf4  __mspabi_srli_3         
0000faf8  __mspabi_srli_2         
0000fafc  __mspabi_srli_1         
0000fb02  USCI0RX_ISR             
0000fb4c  __mspabi_sral_15        
0000fb50  __mspabi_sral_14        
0000fb54  __mspabi_sral_13        
0000fb58  __mspabi_sral_12        
0000fb5c  __mspabi_sral_11        
0000fb60  __mspabi_sral_10        
0000fb64  __mspabi_sral_9         
0000fb68  __mspabi_sral_8         
0000fb6c  __mspabi_sral_7         
0000fb70  __mspabi_sral_6         
0000fb74  __mspabi_sral_5         
0000fb78  __mspabi_sral_4         
0000fb7c  __mspabi_sral_3         
0000fb80  __mspabi_sral_2         
0000fb84  __mspabi_sral_1         
0000fb8a  __mspabi_slll_15        
0000fb8e  __mspabi_slll_14        
0000fb92  __mspabi_slll_13        
0000fb96  __mspabi_slll_12        
0000fb9a  __mspabi_slll_11        
0000fb9e  __mspabi_slll_10        
0000fba2  __mspabi_slll_9         
0000fba6  __mspabi_slll_8         
0000fbaa  __mspabi_slll_7         
0000fbae  __mspabi_slll_6         
0000fbb2  __mspabi_slll_5         
0000fbb6  __mspabi_slll_4         
0000fbba  __mspabi_slll_3         
0000fbbe  __mspabi_slll_2         
0000fbc2  __mspabi_slll_1         
0000fbc8  __mspabi_fltulf         
0000fbfa  __mspabi_subd           
0000fc28  copysign                
0000fc28  copysignl               
0000fc56  UART_INIT               
0000fc82  __mspabi_srai           
0000fc8e  __mspabi_srai_15        
0000fc90  __mspabi_srai_14        
0000fc92  __mspabi_srai_13        
0000fc94  __mspabi_srai_12        
0000fc96  __mspabi_srai_11        
0000fc98  __mspabi_srai_10        
0000fc9a  __mspabi_srai_9         
0000fc9c  __mspabi_srai_8         
0000fc9e  __mspabi_srai_7         
0000fca0  __mspabi_srai_6         
0000fca2  __mspabi_srai_5         
0000fca4  __mspabi_srai_4         
0000fca6  __mspabi_srai_3         
0000fca8  __mspabi_srai_2         
0000fcaa  __mspabi_srai_1         
0000fcae  __mspabi_slli           
0000fcba  __mspabi_slli_15        
0000fcbc  __mspabi_slli_14        
0000fcbe  __mspabi_slli_13        
0000fcc0  __mspabi_slli_12        
0000fcc2  __mspabi_slli_11        
0000fcc4  __mspabi_slli_10        
0000fcc6  __mspabi_slli_9         
0000fcc8  __mspabi_slli_8         
0000fcca  __mspabi_slli_7         
0000fccc  __mspabi_slli_6         
0000fcce  __mspabi_slli_5         
0000fcd0  __mspabi_slli_4         
0000fcd2  __mspabi_slli_3         
0000fcd4  __mspabi_slli_2         
0000fcd6  __mspabi_slli_1         
0000fcda  __mspabi_negd           
0000fd04  ConnectAP               
0000fd2c  StartTCPServer          
0000fd54  __mspabi_mpyl           
0000fd54  __mspabi_mpyl_sw        
0000fd7a  CLOCK_setup             
0000fd96  _c_int00_noargs_noexit  
0000fdb0  send_cmd                
0000fdca  UART_send_string        
0000fde0  __TI_zero_init          
0000fdf4  __mspabi_mpyi           
0000fdf4  __mspabi_mpyi_sw        
0000fe08  __TI_decompress_none    
0000fe1a  __mspabi_srll           
0000fe2c  memcpy                  
0000fe3e  __mspabi_sral           
0000fe4e  __mspabi_slll           
0000fe5e  __mspabi_func_epilog_7  
0000fe60  __mspabi_func_epilog_6  
0000fe62  __mspabi_func_epilog_5  
0000fe64  __mspabi_func_epilog_4  
0000fe66  __mspabi_func_epilog_3  
0000fe68  __mspabi_func_epilog_2  
0000fe6a  __mspabi_func_epilog_1  
0000fe6e  UART_read_char          
0000fe7a  UART_send_char          
0000fe86  __mspabi_fltid          
0000fe92  __TI_ISR_TRAP           
0000fe9a  C$$EXIT                 
0000fe9a  abort                   
0000fea0  _system_pre_init        
0000fea4  _system_post_cinit      
0000ff8e  __TI_Handler_Table_Base 
0000ff94  __TI_Handler_Table_Limit
0000ff98  __TI_CINIT_Base         
0000ffa0  __TI_CINIT_Limit        
0000ffe0  __TI_int00              
0000ffe4  __TI_int02              
0000ffe6  __TI_int03              
0000ffea  __TI_int05              
0000ffec  __TI_int06              
0000ffee  __TI_int07              
0000fff0  __TI_int08              
0000fff2  __TI_int09              
0000fff4  __TI_int10              
0000fff6  __TI_int11              
0000fff8  __TI_int12              
0000fffa  __TI_int13              
0000fffc  __TI_int14              
0000fffe  _reset_vector           
ffffffff  __TI_pprof_out_hndl     
ffffffff  __TI_prof_data_size     
ffffffff  __TI_prof_data_start    
ffffffff  __c_args__              
UNDEFED   __TI_BINIT_Base         
UNDEFED   __TI_BINIT_Limit        
UNDEFED   __TI_INITARRAY_Base     
UNDEFED   __TI_INITARRAY_Limit    

[297 symbols]
