******************************************************************************
                  MSP430 Linker PC v16.9.6                     
******************************************************************************
>> Linked Fri Apr 13 21:13:46 2018

OUTPUT FILE NAME:   <WPS.out>
ENTRY POINT SYMBOL: "_c_int00_noargs_noexit"  address: 0000f7f4


MEMORY CONFIGURATION

         name            origin    length      used     unused   attr    fill
----------------------  --------  ---------  --------  --------  ----  --------
  SFR                   00000000   00000010  00000000  00000010  RWIX
  PERIPHERALS_8BIT      00000010   000000f0  00000000  000000f0  RWIX
  PERIPHERALS_16BIT     00000100   00000100  00000000  00000100  RWIX
  RAM                   00000200   00000200  00000120  000000e0  RWIX
  INFOD                 00001000   00000040  00000000  00000040  RWIX
  INFOC                 00001040   00000040  00000000  00000040  RWIX
  INFOB                 00001080   00000040  00000000  00000040  RWIX
  INFOA                 000010c0   00000040  00000000  00000040  RWIX
  FLASH                 0000c000   00003fde  00003988  00000656  RWIX
  BSLSIGNATURE          0000ffde   00000002  00000002  00000000  RWIX  ffff 
  INT00                 0000ffe0   00000002  00000002  00000000  RWIX
  INT01                 0000ffe2   00000002  00000000  00000002  RWIX
  INT02                 0000ffe4   00000002  00000002  00000000  RWIX
  INT03                 0000ffe6   00000002  00000002  00000000  RWIX
  INT04                 0000ffe8   00000002  00000000  00000002  RWIX
  INT05                 0000ffea   00000002  00000002  00000000  RWIX
  INT06                 0000ffec   00000002  00000002  00000000  RWIX
  INT07                 0000ffee   00000002  00000002  00000000  RWIX
  INT08                 0000fff0   00000002  00000002  00000000  RWIX
  INT09                 0000fff2   00000002  00000002  00000000  RWIX
  INT10                 0000fff4   00000002  00000002  00000000  RWIX
  INT11                 0000fff6   00000002  00000002  00000000  RWIX
  INT12                 0000fff8   00000002  00000002  00000000  RWIX
  INT13                 0000fffa   00000002  00000002  00000000  RWIX
  INT14                 0000fffc   00000002  00000002  00000000  RWIX
  RESET                 0000fffe   00000002  00000002  00000000  RWIX


SECTION ALLOCATION MAP

 output                                  attributes/
section   page    origin      length       input sections
--------  ----  ----------  ----------   ----------------
.bss       0    00000200    000000c4     UNINITIALIZED
                  00000200    00000096     (.common:str_received)
                  00000296    00000018     (.common:distance)
                  000002ae    00000010     (.common:pos)
                  000002be    00000006     (.common:RSSI)

.data      0    000002c4    0000000c     UNINITIALIZED
                  000002c4    00000006     main.obj (.data:SSID)
                  000002ca    00000004     main.obj (.data)
                  000002ce    00000002     rts430_eabi.lib : errno.obj (.data)

.stack     0    000003b0    00000050     UNINITIALIZED
                  000003b0    00000002     rts430_eabi.lib : boot.obj (.stack)
                  000003b2    0000004e     --HOLE--

.text      0    0000c000    000038f8     
                  0000c000    00001168     rts430_eabi.lib : e_pow.obj (.text:pow)
                  0000d168    0000051a                     : e_log10.obj (.text:log10)
                  0000d682    00000480                     : frcdivd.obj (.text:__TI_frcdivd)
                  0000db02    000002f8                     : e_sqrt.obj (.text:sqrt)
                  0000ddfa    000002f2     main.obj (.text:getPosition)
                  0000e0ec    000002e8     rts430_eabi.lib : addd.obj (.text:__mspabi_addd)
                  0000e3d4    00000286                     : frcmpyd.obj (.text:__TI_frcmpyd)
                  0000e65a    0000026e                     : mpyd.obj (.text:__mspabi_mpyd)
                  0000e8c8    00000260                     : frcaddd.obj (.text:__TI_frcaddd)
                  0000eb28    00000238                     : divd.obj (.text:__mspabi_divd)
                  0000ed60    000001d8     main.obj (.text:main)
                  0000ef38    000001a4     rts430_eabi.lib : s_scalbn.obj (.text:scalbn)
                  0000f0dc    000000dc                     : cmpd.obj (.text:__mspabi_cmpd)
                  0000f1b8    000000be                     : renormd.obj (.text:__TI_renormd)
                  0000f276    000000ac                     : fltlid.obj (.text:__mspabi_fltlid)
                  0000f322    0000009c     main.obj (.text:getDistance)
                  0000f3be    0000007c     rts430_eabi.lib : copy_decompress_lzss.obj (.text:decompress:lzss:__TI_decompress_lzss)
                  0000f43a    0000006e                     : autoinit.obj (.text:_auto_init)
                  0000f4a8    0000005c                     : lsr32.obj (.text:l_lsr_const)
                  0000f504    0000005a                     : cpy_tbl.obj (.text:copy_in)
                  0000f55e    0000004c                     : lsr16.obj (.text)
                  0000f5aa    00000044     main.obj (.text:get_RSSI)
                  0000f5ee    0000003e     main.obj (.text:USCI0RX_ISR)
                  0000f62c    0000003e     rts430_eabi.lib : asr32.obj (.text:l_asr_const)
                  0000f66a    0000003e                     : lsl32.obj (.text:l_lsl_const)
                  0000f6a8    0000002e                     : subd.obj (.text:__mspabi_subd)
                  0000f6d6    0000002e                     : s_copysign.obj (.text:copysign)
                  0000f704    0000002c     main.obj (.text:UART_INIT)
                  0000f730    0000002c     rts430_eabi.lib : asr16.obj (.text)
                  0000f75c    0000002c                     : lsl16.obj (.text)
                  0000f788    0000002a                     : negd.obj (.text:__mspabi_negd)
                  0000f7b2    00000026                     : mult32.obj (.text)
                  0000f7d8    0000001c     main.obj (.text:CLOCK_setup)
                  0000f7f4    0000001a     rts430_eabi.lib : boot_special.obj (.text:_c_int00_noargs_noexit)
                  0000f80e    0000001a     main.obj (.text:send_cmd)
                  0000f828    00000016     main.obj (.text:UART_send_string)
                  0000f83e    00000014     rts430_eabi.lib : copy_zero_init.obj (.text:decompress:ZI:__TI_zero_init)
                  0000f852    00000014                     : mult16.obj (.text)
                  0000f866    00000012                     : copy_decompress_none.obj (.text:decompress:none:__TI_decompress_none)
                  0000f878    00000012                     : lsr32.obj (.text:l_lsr)
                  0000f88a    00000012                     : memcpy.obj (.text:memcpy)
                  0000f89c    00000010                     : asr32.obj (.text:l_asr)
                  0000f8ac    00000010                     : lsl32.obj (.text:l_lsl)
                  0000f8bc    00000010                     : epilog.obj (.text)
                  0000f8cc    0000000c     main.obj (.text:UART_read_char)
                  0000f8d8    0000000c     rts430_eabi.lib : fltid.obj (.text:__mspabi_fltid)
                  0000f8e4    00000008                     : isr_trap.obj (.text:_isr:__TI_ISR_TRAP)
                  0000f8ec    00000006                     : exit.obj (.text:abort)
                  0000f8f2    00000004                     : pre_init.obj (.text:_system_pre_init)
                  0000f8f6    00000002                     : startup.obj (.text:_system_post_cinit)

.binit     0    0000c000    00000000     

.const     0    0000f8f8    00000070     
                  0000f8f8    0000003e     main.obj (.const:.string)
                  0000f936    00000010     rts430_eabi.lib : e_pow.obj (.const:bp)
                  0000f946    00000010                     : e_pow.obj (.const:dp_h)
                  0000f956    00000010                     : e_pow.obj (.const:dp_l)
                  0000f966    00000002     main.obj (.const)

.cinit     0    0000f968    00000020     
                  0000f968    0000000e     (.cinit..data.load) [load image, compression = lzss]
                  0000f976    00000006     (__TI_handler_table)
                  0000f97c    00000004     (.cinit..bss.load) [load image, compression = zero_init]
                  0000f980    00000008     (__TI_cinit_table)

.init_array 
*          0    0000c000    00000000     UNINITIALIZED

TRAPINT    0    0000ffe0    00000002     
                  0000ffe0    00000002     rts430_eabi.lib : int00.obj (.int00)

PORT1      0    0000ffe4    00000002     
                  0000ffe4    00000002     rts430_eabi.lib : int02.obj (.int02)

PORT2      0    0000ffe6    00000002     
                  0000ffe6    00000002     rts430_eabi.lib : int03.obj (.int03)

$fill000   0    0000ffde    00000002     
                  0000ffde    00000002     --HOLE-- [fill = ffff]

ADC10      0    0000ffea    00000002     
                  0000ffea    00000002     rts430_eabi.lib : int05.obj (.int05)

USCIAB0TX 
*          0    0000ffec    00000002     
                  0000ffec    00000002     rts430_eabi.lib : int06.obj (.int06)

USCIAB0RX 
*          0    0000ffee    00000002     
                  0000ffee    00000002     main.obj (.int07)

TIMER0_A1 
*          0    0000fff0    00000002     
                  0000fff0    00000002     rts430_eabi.lib : int08.obj (.int08)

TIMER0_A0 
*          0    0000fff2    00000002     
                  0000fff2    00000002     rts430_eabi.lib : int09.obj (.int09)

WDT        0    0000fff4    00000002     
                  0000fff4    00000002     rts430_eabi.lib : int10.obj (.int10)

COMPARATORA 
*          0    0000fff6    00000002     
                  0000fff6    00000002     rts430_eabi.lib : int11.obj (.int11)

TIMER1_A1 
*          0    0000fff8    00000002     
                  0000fff8    00000002     rts430_eabi.lib : int12.obj (.int12)

TIMER1_A0 
*          0    0000fffa    00000002     
                  0000fffa    00000002     rts430_eabi.lib : int13.obj (.int13)

NMI        0    0000fffc    00000002     
                  0000fffc    00000002     rts430_eabi.lib : int14.obj (.int14)

.reset     0    0000fffe    00000002     
                  0000fffe    00000002     rts430_eabi.lib : boot.obj (.reset)

MODULE SUMMARY

       Module                     code    ro data   rw data
       ------                     ----    -------   -------
    .\
       main.obj                   1644    66        206    
    +--+--------------------------+-------+---------+---------+
       Total:                     1644    66        206    
                                                           
    C:\ti\ccsv7\tools\compiler\ti-cgt-msp430_16.9.6.LTS\lib\rts430_eabi.lib
       e_pow.obj                  4456    48        0      
       e_log10.obj                1306    0         0      
       frcdivd.obj                1152    0         0      
       e_sqrt.obj                 760     0         0      
       addd.obj                   744     0         0      
       frcmpyd.obj                646     0         0      
       mpyd.obj                   622     0         0      
       frcaddd.obj                608     0         0      
       divd.obj                   568     0         0      
       s_scalbn.obj               420     0         0      
       cmpd.obj                   220     0         0      
       renormd.obj                190     0         0      
       fltlid.obj                 172     0         0      
       copy_decompress_lzss.obj   124     0         0      
       autoinit.obj               110     0         0      
       lsr32.obj                  110     0         0      
       cpy_tbl.obj                90      0         0      
       asr32.obj                  78      0         0      
       lsl32.obj                  78      0         0      
       lsr16.obj                  76      0         0      
       s_copysign.obj             46      0         0      
       subd.obj                   46      0         0      
       asr16.obj                  44      0         0      
       lsl16.obj                  44      0         0      
       negd.obj                   42      0         0      
       mult32.obj                 38      0         0      
       boot_special.obj           26      0         0      
       copy_zero_init.obj         20      0         0      
       mult16.obj                 20      0         0      
       copy_decompress_none.obj   18      0         0      
       memcpy.obj                 18      0         0      
       epilog.obj                 16      0         0      
       fltid.obj                  12      0         0      
       isr_trap.obj               8       0         0      
       exit.obj                   6       0         0      
       pre_init.obj               4       0         0      
       boot.obj                   0       2         0      
       errno.obj                  0       0         2      
       int00.obj                  0       2         0      
       int02.obj                  0       2         0      
       int03.obj                  0       2         0      
       int05.obj                  0       2         0      
       int06.obj                  0       2         0      
       int08.obj                  0       2         0      
       int09.obj                  0       2         0      
       int10.obj                  0       2         0      
       int11.obj                  0       2         0      
       int12.obj                  0       2         0      
       int13.obj                  0       2         0      
       int14.obj                  0       2         0      
       startup.obj                2       0         0      
    +--+--------------------------+-------+---------+---------+
       Total:                     12940   74        2      
                                                           
       Stack:                     0       0         80     
       Linker Generated:          0       32        0      
    +--+--------------------------+-------+---------+---------+
       Grand Total:               14584   172       288    


LINKER GENERATED COPY TABLES

__TI_cinit_table @ 0000f980 records: 2, size/record: 4, table size: 8
	.data: load addr=0000f968, load size=0000000e bytes, run addr=000002c4, run size=0000000c bytes, compression=lzss
	.bss: load addr=0000f97c, load size=00000004 bytes, run addr=00000200, run size=000000c4 bytes, compression=zero_init


LINKER GENERATED HANDLER TABLE

__TI_handler_table @ 0000f976 records: 3, size/record: 2, table size: 6
	index: 0, handler: __TI_zero_init
	index: 1, handler: __TI_decompress_lzss
	index: 2, handler: __TI_decompress_none


GLOBAL SYMBOLS: SORTED ALPHABETICALLY BY Name 

address   name                    
-------   ----                    
0000004a  ADC10AE0                
000001b0  ADC10CTL0               
000001b2  ADC10CTL1               
00000048  ADC10DTC0               
00000049  ADC10DTC1               
000001b4  ADC10MEM                
000001bc  ADC10SA                 
00000057  BCSCTL1                 
00000058  BCSCTL2                 
00000053  BCSCTL3                 
0000f8ec  C$$EXIT                 
00000059  CACTL1                  
0000005a  CACTL2                  
000010fb  CALBC1_12MHZ            
000010f9  CALBC1_16MHZ            
000010ff  CALBC1_1MHZ             
000010fd  CALBC1_8MHZ             
000010fa  CALDCO_12MHZ            
000010f8  CALDCO_16MHZ            
000010fe  CALDCO_1MHZ             
000010fc  CALDCO_8MHZ             
0000005b  CAPD                    
0000f7d8  CLOCK_setup             
00000056  DCOCTL                  
00000128  FCTL1                   
0000012a  FCTL2                   
0000012c  FCTL3                   
0000f966  FREQUENCY               
00000000  IE1                     
00000001  IE2                     
00000002  IFG1                    
00000003  IFG2                    
00000022  P1DIR                   
00000025  P1IE                    
00000024  P1IES                   
00000023  P1IFG                   
00000020  P1IN                    
00000021  P1OUT                   
00000027  P1REN                   
00000026  P1SEL                   
00000041  P1SEL2                  
0000002a  P2DIR                   
0000002d  P2IE                    
0000002c  P2IES                   
0000002b  P2IFG                   
00000028  P2IN                    
00000029  P2OUT                   
0000002f  P2REN                   
0000002e  P2SEL                   
00000042  P2SEL2                  
0000001a  P3DIR                   
00000018  P3IN                    
00000019  P3OUT                   
00000010  P3REN                   
0000001b  P3SEL                   
00000043  P3SEL2                  
000002be  RSSI                    
000002c4  SSID                    
00000172  TA0CCR0                 
00000174  TA0CCR1                 
00000176  TA0CCR2                 
00000162  TA0CCTL0                
00000164  TA0CCTL1                
00000166  TA0CCTL2                
00000160  TA0CTL                  
0000012e  TA0IV                   
00000170  TA0R                    
00000192  TA1CCR0                 
00000194  TA1CCR1                 
00000196  TA1CCR2                 
00000182  TA1CCTL0                
00000184  TA1CCTL1                
00000186  TA1CCTL2                
00000180  TA1CTL                  
0000011e  TA1IV                   
00000190  TA1R                    
000010db  TLV_ADC10_1_LEN         
000010da  TLV_ADC10_1_TAG         
000010c0  TLV_CHECKSUM            
000010f7  TLV_DCO_30_LEN          
000010f6  TLV_DCO_30_TAG          
0000f704  UART_INIT               
0000f8cc  UART_read_char          
0000f828  UART_send_string        
0000005d  UCA0ABCTL               
00000062  UCA0BR0                 
00000063  UCA0BR1                 
00000060  UCA0CTL0                
00000061  UCA0CTL1                
0000005f  UCA0IRRCTL              
0000005e  UCA0IRTCTL              
00000064  UCA0MCTL                
00000066  UCA0RXBUF               
00000065  UCA0STAT                
00000067  UCA0TXBUF               
0000006a  UCB0BR0                 
0000006b  UCB0BR1                 
00000068  UCB0CTL0                
00000069  UCB0CTL1                
0000006c  UCB0I2CIE               
00000118  UCB0I2COA               
0000011a  UCB0I2CSA               
0000006e  UCB0RXBUF               
0000006d  UCB0STAT                
0000006f  UCB0TXBUF               
0000f5ee  USCI0RX_ISR             
00000120  WDTCTL                  
00000400  __STACK_END             
00000050  __STACK_SIZE            
UNDEFED   __TI_BINIT_Base         
UNDEFED   __TI_BINIT_Limit        
0000f980  __TI_CINIT_Base         
0000f988  __TI_CINIT_Limit        
0000f976  __TI_Handler_Table_Base 
0000f97c  __TI_Handler_Table_Limit
UNDEFED   __TI_INITARRAY_Base     
UNDEFED   __TI_INITARRAY_Limit    
0000f8e4  __TI_ISR_TRAP           
0000f3be  __TI_decompress_lzss    
0000f866  __TI_decompress_none    
0000e8c8  __TI_frcaddd            
0000d682  __TI_frcdivd            
0000e3d4  __TI_frcmpyd            
0000ffe0  __TI_int00              
0000ffe4  __TI_int02              
0000ffe6  __TI_int03              
0000ffea  __TI_int05              
0000ffec  __TI_int06              
0000ffee  __TI_int07              
0000fff0  __TI_int08              
0000fff2  __TI_int09              
0000fff4  __TI_int10              
0000fff6  __TI_int11              
0000fff8  __TI_int12              
0000fffa  __TI_int13              
0000fffc  __TI_int14              
ffffffff  __TI_pprof_out_hndl     
ffffffff  __TI_prof_data_size     
ffffffff  __TI_prof_data_start    
0000f1b8  __TI_renormd            
0000f83e  __TI_zero_init          
ffffffff  __c_args__              
0000e0ec  __mspabi_addd           
0000f0dc  __mspabi_cmpd           
0000eb28  __mspabi_divd           
0000f8d8  __mspabi_fltid          
0000f276  __mspabi_fltlid         
0000f8c8  __mspabi_func_epilog_1  
0000f8c6  __mspabi_func_epilog_2  
0000f8c4  __mspabi_func_epilog_3  
0000f8c2  __mspabi_func_epilog_4  
0000f8c0  __mspabi_func_epilog_5  
0000f8be  __mspabi_func_epilog_6  
0000f8bc  __mspabi_func_epilog_7  
0000e65a  __mspabi_mpyd           
0000f852  __mspabi_mpyi           
0000f852  __mspabi_mpyi_sw        
0000f7b2  __mspabi_mpyl           
0000f7b2  __mspabi_mpyl_sw        
0000f788  __mspabi_negd           
0000f75c  __mspabi_slli           
0000f784  __mspabi_slli_1         
0000f772  __mspabi_slli_10        
0000f770  __mspabi_slli_11        
0000f76e  __mspabi_slli_12        
0000f76c  __mspabi_slli_13        
0000f76a  __mspabi_slli_14        
0000f768  __mspabi_slli_15        
0000f782  __mspabi_slli_2         
0000f780  __mspabi_slli_3         
0000f77e  __mspabi_slli_4         
0000f77c  __mspabi_slli_5         
0000f77a  __mspabi_slli_6         
0000f778  __mspabi_slli_7         
0000f776  __mspabi_slli_8         
0000f774  __mspabi_slli_9         
0000f8ac  __mspabi_slll           
0000f6a2  __mspabi_slll_1         
0000f67e  __mspabi_slll_10        
0000f67a  __mspabi_slll_11        
0000f676  __mspabi_slll_12        
0000f672  __mspabi_slll_13        
0000f66e  __mspabi_slll_14        
0000f66a  __mspabi_slll_15        
0000f69e  __mspabi_slll_2         
0000f69a  __mspabi_slll_3         
0000f696  __mspabi_slll_4         
0000f692  __mspabi_slll_5         
0000f68e  __mspabi_slll_6         
0000f68a  __mspabi_slll_7         
0000f686  __mspabi_slll_8         
0000f682  __mspabi_slll_9         
0000f730  __mspabi_srai           
0000f758  __mspabi_srai_1         
0000f746  __mspabi_srai_10        
0000f744  __mspabi_srai_11        
0000f742  __mspabi_srai_12        
0000f740  __mspabi_srai_13        
0000f73e  __mspabi_srai_14        
0000f73c  __mspabi_srai_15        
0000f756  __mspabi_srai_2         
0000f754  __mspabi_srai_3         
0000f752  __mspabi_srai_4         
0000f750  __mspabi_srai_5         
0000f74e  __mspabi_srai_6         
0000f74c  __mspabi_srai_7         
0000f74a  __mspabi_srai_8         
0000f748  __mspabi_srai_9         
0000f89c  __mspabi_sral           
0000f664  __mspabi_sral_1         
0000f640  __mspabi_sral_10        
0000f63c  __mspabi_sral_11        
0000f638  __mspabi_sral_12        
0000f634  __mspabi_sral_13        
0000f630  __mspabi_sral_14        
0000f62c  __mspabi_sral_15        
0000f660  __mspabi_sral_2         
0000f65c  __mspabi_sral_3         
0000f658  __mspabi_sral_4         
0000f654  __mspabi_sral_5         
0000f650  __mspabi_sral_6         
0000f64c  __mspabi_sral_7         
0000f648  __mspabi_sral_8         
0000f644  __mspabi_sral_9         
0000f55e  __mspabi_srli           
0000f5a4  __mspabi_srli_1         
0000f580  __mspabi_srli_10        
0000f57c  __mspabi_srli_11        
0000f578  __mspabi_srli_12        
0000f574  __mspabi_srli_13        
0000f570  __mspabi_srli_14        
0000f56c  __mspabi_srli_15        
0000f5a0  __mspabi_srli_2         
0000f59c  __mspabi_srli_3         
0000f598  __mspabi_srli_4         
0000f594  __mspabi_srli_5         
0000f590  __mspabi_srli_6         
0000f58c  __mspabi_srli_7         
0000f588  __mspabi_srli_8         
0000f584  __mspabi_srli_9         
0000f878  __mspabi_srll           
0000f4fc  __mspabi_srll_1         
0000f4c6  __mspabi_srll_10        
0000f4c0  __mspabi_srll_11        
0000f4ba  __mspabi_srll_12        
0000f4b4  __mspabi_srll_13        
0000f4ae  __mspabi_srll_14        
0000f4a8  __mspabi_srll_15        
0000f4f6  __mspabi_srll_2         
0000f4f0  __mspabi_srll_3         
0000f4ea  __mspabi_srll_4         
0000f4e4  __mspabi_srll_5         
0000f4de  __mspabi_srll_6         
0000f4d8  __mspabi_srll_7         
0000f4d2  __mspabi_srll_8         
0000f4cc  __mspabi_srll_9         
0000f6a8  __mspabi_subd           
0000f43a  _auto_init              
0000f7f4  _c_int00_noargs_noexit  
0000fffe  _reset_vector           
000003b0  _stack                  
0000f8f6  _system_post_cinit      
0000f8f2  _system_pre_init        
0000f8ec  abort                   
0000f504  copy_in                 
0000f6d6  copysign                
0000f6d6  copysignl               
00000296  distance                
000002ce  errno                   
000002ca  flag                    
0000f322  getDistance             
0000ddfa  getPosition             
0000f5aa  get_RSSI                
000002cc  i                       
0000ef38  ldexp                   
0000ef38  ldexpl                  
0000d168  log10                   
0000d168  log10l                  
0000ed60  main                    
0000f88a  memcpy                  
000002ae  pos                     
0000c000  pow                     
0000c000  powl                    
0000ef38  scalbn                  
0000ef38  scalbnl                 
0000f80e  send_cmd                
0000db02  sqrt                    
0000db02  sqrtl                   
00000200  str_received            


GLOBAL SYMBOLS: SORTED BY Symbol Address 

address   name                    
-------   ----                    
00000000  IE1                     
00000001  IE2                     
00000002  IFG1                    
00000003  IFG2                    
00000010  P3REN                   
00000018  P3IN                    
00000019  P3OUT                   
0000001a  P3DIR                   
0000001b  P3SEL                   
00000020  P1IN                    
00000021  P1OUT                   
00000022  P1DIR                   
00000023  P1IFG                   
00000024  P1IES                   
00000025  P1IE                    
00000026  P1SEL                   
00000027  P1REN                   
00000028  P2IN                    
00000029  P2OUT                   
0000002a  P2DIR                   
0000002b  P2IFG                   
0000002c  P2IES                   
0000002d  P2IE                    
0000002e  P2SEL                   
0000002f  P2REN                   
00000041  P1SEL2                  
00000042  P2SEL2                  
00000043  P3SEL2                  
00000048  ADC10DTC0               
00000049  ADC10DTC1               
0000004a  ADC10AE0                
00000050  __STACK_SIZE            
00000053  BCSCTL3                 
00000056  DCOCTL                  
00000057  BCSCTL1                 
00000058  BCSCTL2                 
00000059  CACTL1                  
0000005a  CACTL2                  
0000005b  CAPD                    
0000005d  UCA0ABCTL               
0000005e  UCA0IRTCTL              
0000005f  UCA0IRRCTL              
00000060  UCA0CTL0                
00000061  UCA0CTL1                
00000062  UCA0BR0                 
00000063  UCA0BR1                 
00000064  UCA0MCTL                
00000065  UCA0STAT                
00000066  UCA0RXBUF               
00000067  UCA0TXBUF               
00000068  UCB0CTL0                
00000069  UCB0CTL1                
0000006a  UCB0BR0                 
0000006b  UCB0BR1                 
0000006c  UCB0I2CIE               
0000006d  UCB0STAT                
0000006e  UCB0RXBUF               
0000006f  UCB0TXBUF               
00000118  UCB0I2COA               
0000011a  UCB0I2CSA               
0000011e  TA1IV                   
00000120  WDTCTL                  
00000128  FCTL1                   
0000012a  FCTL2                   
0000012c  FCTL3                   
0000012e  TA0IV                   
00000160  TA0CTL                  
00000162  TA0CCTL0                
00000164  TA0CCTL1                
00000166  TA0CCTL2                
00000170  TA0R                    
00000172  TA0CCR0                 
00000174  TA0CCR1                 
00000176  TA0CCR2                 
00000180  TA1CTL                  
00000182  TA1CCTL0                
00000184  TA1CCTL1                
00000186  TA1CCTL2                
00000190  TA1R                    
00000192  TA1CCR0                 
00000194  TA1CCR1                 
00000196  TA1CCR2                 
000001b0  ADC10CTL0               
000001b2  ADC10CTL1               
000001b4  ADC10MEM                
000001bc  ADC10SA                 
00000200  str_received            
00000296  distance                
000002ae  pos                     
000002be  RSSI                    
000002c4  SSID                    
000002ca  flag                    
000002cc  i                       
000002ce  errno                   
000003b0  _stack                  
00000400  __STACK_END             
000010c0  TLV_CHECKSUM            
000010da  TLV_ADC10_1_TAG         
000010db  TLV_ADC10_1_LEN         
000010f6  TLV_DCO_30_TAG          
000010f7  TLV_DCO_30_LEN          
000010f8  CALDCO_16MHZ            
000010f9  CALBC1_16MHZ            
000010fa  CALDCO_12MHZ            
000010fb  CALBC1_12MHZ            
000010fc  CALDCO_8MHZ             
000010fd  CALBC1_8MHZ             
000010fe  CALDCO_1MHZ             
000010ff  CALBC1_1MHZ             
0000c000  pow                     
0000c000  powl                    
0000d168  log10                   
0000d168  log10l                  
0000d682  __TI_frcdivd            
0000db02  sqrt                    
0000db02  sqrtl                   
0000ddfa  getPosition             
0000e0ec  __mspabi_addd           
0000e3d4  __TI_frcmpyd            
0000e65a  __mspabi_mpyd           
0000e8c8  __TI_frcaddd            
0000eb28  __mspabi_divd           
0000ed60  main                    
0000ef38  ldexp                   
0000ef38  ldexpl                  
0000ef38  scalbn                  
0000ef38  scalbnl                 
0000f0dc  __mspabi_cmpd           
0000f1b8  __TI_renormd            
0000f276  __mspabi_fltlid         
0000f322  getDistance             
0000f3be  __TI_decompress_lzss    
0000f43a  _auto_init              
0000f4a8  __mspabi_srll_15        
0000f4ae  __mspabi_srll_14        
0000f4b4  __mspabi_srll_13        
0000f4ba  __mspabi_srll_12        
0000f4c0  __mspabi_srll_11        
0000f4c6  __mspabi_srll_10        
0000f4cc  __mspabi_srll_9         
0000f4d2  __mspabi_srll_8         
0000f4d8  __mspabi_srll_7         
0000f4de  __mspabi_srll_6         
0000f4e4  __mspabi_srll_5         
0000f4ea  __mspabi_srll_4         
0000f4f0  __mspabi_srll_3         
0000f4f6  __mspabi_srll_2         
0000f4fc  __mspabi_srll_1         
0000f504  copy_in                 
0000f55e  __mspabi_srli           
0000f56c  __mspabi_srli_15        
0000f570  __mspabi_srli_14        
0000f574  __mspabi_srli_13        
0000f578  __mspabi_srli_12        
0000f57c  __mspabi_srli_11        
0000f580  __mspabi_srli_10        
0000f584  __mspabi_srli_9         
0000f588  __mspabi_srli_8         
0000f58c  __mspabi_srli_7         
0000f590  __mspabi_srli_6         
0000f594  __mspabi_srli_5         
0000f598  __mspabi_srli_4         
0000f59c  __mspabi_srli_3         
0000f5a0  __mspabi_srli_2         
0000f5a4  __mspabi_srli_1         
0000f5aa  get_RSSI                
0000f5ee  USCI0RX_ISR             
0000f62c  __mspabi_sral_15        
0000f630  __mspabi_sral_14        
0000f634  __mspabi_sral_13        
0000f638  __mspabi_sral_12        
0000f63c  __mspabi_sral_11        
0000f640  __mspabi_sral_10        
0000f644  __mspabi_sral_9         
0000f648  __mspabi_sral_8         
0000f64c  __mspabi_sral_7         
0000f650  __mspabi_sral_6         
0000f654  __mspabi_sral_5         
0000f658  __mspabi_sral_4         
0000f65c  __mspabi_sral_3         
0000f660  __mspabi_sral_2         
0000f664  __mspabi_sral_1         
0000f66a  __mspabi_slll_15        
0000f66e  __mspabi_slll_14        
0000f672  __mspabi_slll_13        
0000f676  __mspabi_slll_12        
0000f67a  __mspabi_slll_11        
0000f67e  __mspabi_slll_10        
0000f682  __mspabi_slll_9         
0000f686  __mspabi_slll_8         
0000f68a  __mspabi_slll_7         
0000f68e  __mspabi_slll_6         
0000f692  __mspabi_slll_5         
0000f696  __mspabi_slll_4         
0000f69a  __mspabi_slll_3         
0000f69e  __mspabi_slll_2         
0000f6a2  __mspabi_slll_1         
0000f6a8  __mspabi_subd           
0000f6d6  copysign                
0000f6d6  copysignl               
0000f704  UART_INIT               
0000f730  __mspabi_srai           
0000f73c  __mspabi_srai_15        
0000f73e  __mspabi_srai_14        
0000f740  __mspabi_srai_13        
0000f742  __mspabi_srai_12        
0000f744  __mspabi_srai_11        
0000f746  __mspabi_srai_10        
0000f748  __mspabi_srai_9         
0000f74a  __mspabi_srai_8         
0000f74c  __mspabi_srai_7         
0000f74e  __mspabi_srai_6         
0000f750  __mspabi_srai_5         
0000f752  __mspabi_srai_4         
0000f754  __mspabi_srai_3         
0000f756  __mspabi_srai_2         
0000f758  __mspabi_srai_1         
0000f75c  __mspabi_slli           
0000f768  __mspabi_slli_15        
0000f76a  __mspabi_slli_14        
0000f76c  __mspabi_slli_13        
0000f76e  __mspabi_slli_12        
0000f770  __mspabi_slli_11        
0000f772  __mspabi_slli_10        
0000f774  __mspabi_slli_9         
0000f776  __mspabi_slli_8         
0000f778  __mspabi_slli_7         
0000f77a  __mspabi_slli_6         
0000f77c  __mspabi_slli_5         
0000f77e  __mspabi_slli_4         
0000f780  __mspabi_slli_3         
0000f782  __mspabi_slli_2         
0000f784  __mspabi_slli_1         
0000f788  __mspabi_negd           
0000f7b2  __mspabi_mpyl           
0000f7b2  __mspabi_mpyl_sw        
0000f7d8  CLOCK_setup             
0000f7f4  _c_int00_noargs_noexit  
0000f80e  send_cmd                
0000f828  UART_send_string        
0000f83e  __TI_zero_init          
0000f852  __mspabi_mpyi           
0000f852  __mspabi_mpyi_sw        
0000f866  __TI_decompress_none    
0000f878  __mspabi_srll           
0000f88a  memcpy                  
0000f89c  __mspabi_sral           
0000f8ac  __mspabi_slll           
0000f8bc  __mspabi_func_epilog_7  
0000f8be  __mspabi_func_epilog_6  
0000f8c0  __mspabi_func_epilog_5  
0000f8c2  __mspabi_func_epilog_4  
0000f8c4  __mspabi_func_epilog_3  
0000f8c6  __mspabi_func_epilog_2  
0000f8c8  __mspabi_func_epilog_1  
0000f8cc  UART_read_char          
0000f8d8  __mspabi_fltid          
0000f8e4  __TI_ISR_TRAP           
0000f8ec  C$$EXIT                 
0000f8ec  abort                   
0000f8f2  _system_pre_init        
0000f8f6  _system_post_cinit      
0000f966  FREQUENCY               
0000f976  __TI_Handler_Table_Base 
0000f97c  __TI_Handler_Table_Limit
0000f980  __TI_CINIT_Base         
0000f988  __TI_CINIT_Limit        
0000ffe0  __TI_int00              
0000ffe4  __TI_int02              
0000ffe6  __TI_int03              
0000ffea  __TI_int05              
0000ffec  __TI_int06              
0000ffee  __TI_int07              
0000fff0  __TI_int08              
0000fff2  __TI_int09              
0000fff4  __TI_int10              
0000fff6  __TI_int11              
0000fff8  __TI_int12              
0000fffa  __TI_int13              
0000fffc  __TI_int14              
0000fffe  _reset_vector           
ffffffff  __TI_pprof_out_hndl     
ffffffff  __TI_prof_data_size     
ffffffff  __TI_prof_data_start    
ffffffff  __c_args__              
UNDEFED   __TI_BINIT_Base         
UNDEFED   __TI_BINIT_Limit        
UNDEFED   __TI_INITARRAY_Base     
UNDEFED   __TI_INITARRAY_Limit    

[289 symbols]
